// Jest Snapshot v1, https://goo.gl/fbAQLP

exports[`Pruebas en el EntryView debe de mostrar la entrada correctamente 1`] = `
<div class="entry-title d-flex justify-content-between p-2">
  <div><span class="text-success fs-3 fw-bold">29</span><span class="mx-1 fs-3">Octubre</span><span class="mx-2 fs-4 fw-light">2021, Viernes</span></div>
  <div><input type="file" accept="image/pbg, image/jpeg" style="display: none;"><button class="btn btn-danger mx-2"> Borrar <i class="fa fa-trash-alt"></i></button><button class="btn btn-primary"> Subir Imagen <i class="fa fa-upload"></i></button></div>
</div>
<hr>
<div class="d-flex flex-column px-3 h-75"><textarea placeholder="¿Que sucedió hoy?"></textarea></div><img src="https://res.cloudinary.com/nautilux24/image/upload/v1635569959/sjwu6m3u1zrac6iq62oj.jpg" alt="entry-picture" class="img-thumbnail">
<!--v-if-->
<fab-stub icon="fa-save"></fab-stub>
`;
